\BOOKMARK [1][-]{section.1}{\376\377\000E\000x\000e\000c\000u\000t\000i\000v\000e\000\040\000s\000u\000m\000m\000a\000r\000y}{}% 1
\BOOKMARK [1][-]{section.2}{\376\377\000P\000r\000o\000d\000u\000c\000t\000\040\000g\000o\000a\000l\000s\000\040\000a\000n\000d\000\040\000a\000r\000c\000h\000i\000t\000e\000c\000t\000u\000r\000a\000l\000\040\000p\000r\000i\000n\000c\000i\000p\000l\000e\000s}{}% 2
\BOOKMARK [2][-]{subsection.2.1}{\376\377\000W\000h\000a\000t\000\040\000t\000h\000e\000\040\000p\000r\000o\000d\000u\000c\000t\000\040\000s\000h\000o\000u\000l\000d\000\040\000f\000e\000e\000l\000\040\000l\000i\000k\000e}{section.2}% 3
\BOOKMARK [2][-]{subsection.2.2}{\376\377\000N\000o\000n\000-\000n\000e\000g\000o\000t\000i\000a\000b\000l\000e\000\040\000p\000r\000i\000n\000c\000i\000p\000l\000e\000s}{section.2}% 4
\BOOKMARK [2][-]{subsection.2.3}{\376\377\000R\000e\000c\000o\000m\000m\000e\000n\000d\000e\000d\000\040\000t\000e\000c\000h\000n\000o\000l\000o\000g\000y\000\040\000c\000h\000o\000i\000c\000e\000s}{section.2}% 5
\BOOKMARK [1][-]{section.3}{\376\377\000T\000h\000e\000\040\000t\000w\000o\000-\000e\000x\000p\000e\000r\000i\000e\000n\000c\000e\000\040\000m\000o\000d\000e\000l}{}% 6
\BOOKMARK [2][-]{subsection.3.1}{\376\377\000P\000u\000b\000l\000i\000c\000\040\000w\000e\000b\000s\000i\000t\000e\000:\000\040\000J\000i\000n\000j\000a\0002\000\040\000p\000l\000u\000s\000\040\000H\000T\000M\000X}{section.3}% 7
\BOOKMARK [2][-]{subsection.3.2}{\376\377\000A\000p\000p\000l\000i\000c\000a\000t\000i\000o\000n\000:\000\040\000F\000l\000u\000t\000t\000e\000r\000\040\000W\000e\000b}{section.3}% 8
\BOOKMARK [2][-]{subsection.3.3}{\376\377\000U\000R\000L\000\040\000c\000o\000n\000t\000r\000a\000c\000t}{section.3}% 9
\BOOKMARK [1][-]{section.4}{\376\377\000E\000n\000d\000-\000t\000o\000-\000e\000n\000d\000\040\000a\000r\000c\000h\000i\000t\000e\000c\000t\000u\000r\000e}{}% 10
\BOOKMARK [2][-]{subsection.4.1}{\376\377\000L\000o\000g\000i\000c\000a\000l\000\040\000a\000r\000c\000h\000i\000t\000e\000c\000t\000u\000r\000e}{section.4}% 11
\BOOKMARK [2][-]{subsection.4.2}{\376\377\000W\000h\000a\000t\000\040\000F\000a\000s\000t\000A\000P\000I\000\040\000m\000a\000n\000a\000g\000e\000s}{section.4}% 12
\BOOKMARK [2][-]{subsection.4.3}{\376\377\000A\000\040\000r\000e\000q\000u\000e\000s\000t\000\040\000t\000o\000\040\000a\000\040\000p\000u\000b\000l\000i\000c\000\040\000t\000o\000p\000i\000c}{section.4}% 13
\BOOKMARK [2][-]{subsection.4.4}{\376\377\000A\000\040\000r\000e\000q\000u\000e\000s\000t\000\040\000f\000r\000o\000m\000\040\000F\000l\000u\000t\000t\000e\000r}{section.4}% 14
\BOOKMARK [2][-]{subsection.4.5}{\376\377\000A\000\040\000t\000r\000a\000n\000s\000i\000t\000i\000o\000n\000\040\000f\000r\000o\000m\000\040\000F\000l\000u\000t\000t\000e\000r\000\040\000t\000o\000\040\000p\000u\000b\000l\000i\000c\000\040\000c\000o\000n\000t\000e\000n\000t}{section.4}% 15
\BOOKMARK [1][-]{section.5}{\376\377\000R\000e\000p\000o\000s\000i\000t\000o\000r\000y\000\040\000s\000t\000r\000u\000c\000t\000u\000r\000e}{}% 16
\BOOKMARK [2][-]{subsection.5.1}{\376\377\000R\000e\000c\000o\000m\000m\000e\000n\000d\000e\000d\000\040\000t\000r\000e\000e}{section.5}% 17
\BOOKMARK [2][-]{subsection.5.2}{\376\377\000R\000e\000s\000p\000o\000n\000s\000i\000b\000i\000l\000i\000t\000i\000e\000s\000\040\000b\000y\000\040\000d\000i\000r\000e\000c\000t\000o\000r\000y}{section.5}% 18
\BOOKMARK [1][-]{section.6}{\376\377\000F\000a\000s\000t\000A\000P\000I\000\040\000c\000o\000m\000p\000o\000s\000i\000t\000i\000o\000n\000\040\000a\000n\000d\000\040\000r\000o\000u\000t\000i\000n\000g}{}% 19
\BOOKMARK [2][-]{subsection.6.1}{\376\377\000A\000p\000p\000l\000i\000c\000a\000t\000i\000o\000n\000\040\000c\000o\000m\000p\000o\000s\000i\000t\000i\000o\000n}{section.6}% 20
\BOOKMARK [2][-]{subsection.6.2}{\376\377\000F\000l\000u\000t\000t\000e\000r\000\040\000f\000a\000l\000l\000b\000a\000c\000k\000\040\000b\000e\000h\000a\000v\000i\000o\000r}{section.6}% 21
\BOOKMARK [1][-]{section.7}{\376\377\000S\000h\000a\000r\000e\000d\000\040\000s\000e\000r\000v\000i\000c\000e\000s\000\040\000a\000n\000d\000\040\000d\000a\000t\000a\000\040\000f\000l\000o\000w}{}% 22
\BOOKMARK [2][-]{subsection.7.1}{\376\377\000O\000n\000e\000\040\000c\000o\000n\000c\000e\000p\000t\000,\000\040\000t\000w\000o\000\040\000r\000e\000p\000r\000e\000s\000e\000n\000t\000a\000t\000i\000o\000n\000s}{section.7}% 23
\BOOKMARK [2][-]{subsection.7.2}{\376\377\000S\000e\000r\000v\000i\000c\000e\000\040\000r\000e\000s\000p\000o\000n\000s\000i\000b\000i\000l\000i\000t\000i\000e\000s}{section.7}% 24
\BOOKMARK [2][-]{subsection.7.3}{\376\377\000T\000h\000i\000n\000\040\000r\000o\000u\000t\000e\000\040\000h\000a\000n\000d\000l\000e\000r\000\040\000e\000x\000a\000m\000p\000l\000e}{section.7}% 25
\BOOKMARK [2][-]{subsection.7.4}{\376\377\000D\000a\000t\000a\000b\000a\000s\000e\000\040\000d\000i\000r\000e\000c\000t\000i\000o\000n}{section.7}% 26
\BOOKMARK [1][-]{section.8}{\376\377\000T\000e\000m\000p\000l\000a\000t\000e\000s\000,\000\040\000s\000t\000a\000t\000i\000c\000\040\000a\000s\000s\000e\000t\000s\000,\000\040\000a\000n\000d\000\040\000a\000c\000c\000e\000s\000s\000i\000b\000i\000l\000i\000t\000y}{}% 27
\BOOKMARK [2][-]{subsection.8.1}{\376\377\000T\000e\000m\000p\000l\000a\000t\000e\000\040\000o\000r\000g\000a\000n\000i\000z\000a\000t\000i\000o\000n}{section.8}% 28
\BOOKMARK [2][-]{subsection.8.2}{\376\377\000R\000e\000n\000d\000e\000r\000i\000n\000g\000\040\000r\000u\000l\000e\000s}{section.8}% 29
\BOOKMARK [1][-]{section.9}{\376\377\000A\000u\000t\000h\000e\000n\000t\000i\000c\000a\000t\000i\000o\000n\000\040\000a\000n\000d\000\040\000a\000u\000t\000h\000o\000r\000i\000z\000a\000t\000i\000o\000n}{}% 30
\BOOKMARK [2][-]{subsection.9.1}{\376\377\000R\000e\000c\000o\000m\000m\000e\000n\000d\000e\000d\000\040\000f\000i\000r\000s\000t\000\040\000a\000p\000p\000r\000o\000a\000c\000h}{section.9}% 31
\BOOKMARK [1][-]{section.10}{\376\377\000F\000l\000u\000t\000t\000e\000r\000\040\000W\000e\000b\000\040\000b\000o\000u\000n\000d\000a\000r\000y}{}% 32
\BOOKMARK [2][-]{subsection.10.1}{\376\377\000F\000l\000u\000t\000t\000e\000r\000\040\000s\000o\000u\000r\000c\000e\000\040\000a\000n\000d\000\040\000g\000e\000n\000e\000r\000a\000t\000e\000d\000\040\000o\000u\000t\000p\000u\000t}{section.10}% 33
\BOOKMARK [2][-]{subsection.10.2}{\376\377\000F\000l\000u\000t\000t\000e\000r\000\040\000r\000o\000u\000t\000e\000\040\000e\000x\000a\000m\000p\000l\000e\000s}{section.10}% 34
\BOOKMARK [2][-]{subsection.10.3}{\376\377\000A\000P\000I\000\040\000c\000l\000i\000e\000n\000t\000\040\000d\000i\000s\000c\000i\000p\000l\000i\000n\000e}{section.10}% 35
\BOOKMARK [1][-]{section.11}{\376\377\000S\000e\000a\000r\000c\000h\000\040\000e\000n\000g\000i\000n\000e\000\040\000o\000p\000t\000i\000m\000i\000z\000a\000t\000i\000o\000n}{}% 36
\BOOKMARK [2][-]{subsection.11.1}{\376\377\000P\000u\000b\000l\000i\000c\000-\000p\000a\000g\000e\000\040\000c\000h\000e\000c\000k\000l\000i\000s\000t}{section.11}% 37
\BOOKMARK [1][-]{section.12}{\376\377\000D\000e\000v\000e\000l\000o\000p\000m\000e\000n\000t\000\040\000a\000n\000d\000\040\000d\000e\000p\000l\000o\000y\000m\000e\000n\000t\000\040\000w\000o\000r\000k\000f\000l\000o\000w}{}% 38
\BOOKMARK [2][-]{subsection.12.1}{\376\377\000L\000o\000c\000a\000l\000\040\000d\000e\000v\000e\000l\000o\000p\000m\000e\000n\000t}{section.12}% 39
\BOOKMARK [2][-]{subsection.12.2}{\376\377\000B\000u\000i\000l\000d\000\040\000s\000c\000r\000i\000p\000t\000\040\000r\000e\000s\000p\000o\000n\000s\000i\000b\000i\000l\000i\000t\000i\000e\000s}{section.12}% 40
\BOOKMARK [2][-]{subsection.12.3}{\376\377\000P\000r\000o\000d\000u\000c\000t\000i\000o\000n\000\040\000a\000r\000c\000h\000i\000t\000e\000c\000t\000u\000r\000e}{section.12}% 41
\BOOKMARK [1][-]{section.13}{\376\377\000T\000e\000s\000t\000i\000n\000g\000\040\000s\000t\000r\000a\000t\000e\000g\000y}{}% 42
\BOOKMARK [2][-]{subsection.13.1}{\376\377\000T\000e\000s\000t\000\040\000l\000a\000y\000e\000r\000s}{section.13}% 43
\BOOKMARK [2][-]{subsection.13.2}{\376\377\000R\000e\000l\000e\000a\000s\000e\000\040\000c\000h\000e\000c\000k\000s}{section.13}% 44
\BOOKMARK [1][-]{section.14}{\376\377\000S\000e\000c\000u\000r\000i\000t\000y\000\040\000a\000n\000d\000\040\000o\000p\000e\000r\000a\000t\000i\000o\000n\000a\000l\000\040\000s\000a\000f\000e\000g\000u\000a\000r\000d\000s}{}% 45
\BOOKMARK [1][-]{section.15}{\376\377\000P\000h\000a\000s\000e\000d\000\040\000i\000m\000p\000l\000e\000m\000e\000n\000t\000a\000t\000i\000o\000n\000\040\000r\000o\000a\000d\000m\000a\000p}{}% 46
\BOOKMARK [2][-]{subsection.15.1}{\376\377\000P\000h\000a\000s\000e\000\040\0001\000:\000\040\000p\000u\000b\000l\000i\000c\000\040\000l\000e\000a\000r\000n\000i\000n\000g\000\040\000s\000i\000t\000e}{section.15}% 47
\BOOKMARK [2][-]{subsection.15.2}{\376\377\000P\000h\000a\000s\000e\000\040\0002\000:\000\040\000a\000c\000c\000o\000u\000n\000t\000s\000\040\000a\000n\000d\000\040\000l\000i\000g\000h\000t\000w\000e\000i\000g\000h\000t\000\040\000l\000e\000a\000r\000n\000e\000r\000\040\000a\000c\000t\000i\000o\000n\000s}{section.15}% 48
\BOOKMARK [2][-]{subsection.15.3}{\376\377\000P\000h\000a\000s\000e\000\040\0003\000:\000\040\000F\000l\000u\000t\000t\000e\000r\000\040\000a\000p\000p\000l\000i\000c\000a\000t\000i\000o\000n}{section.15}% 49
\BOOKMARK [2][-]{subsection.15.4}{\376\377\000P\000h\000a\000s\000e\000\040\0004\000:\000\040\000d\000i\000s\000c\000u\000s\000s\000i\000o\000n\000s\000\040\000a\000n\000d\000\040\000a\000d\000m\000i\000n\000i\000s\000t\000r\000a\000t\000i\000o\000n}{section.15}% 50
\BOOKMARK [2][-]{subsection.15.5}{\376\377\000P\000h\000a\000s\000e\000\040\0005\000:\000\040\000r\000e\000a\000l\000-\000t\000i\000m\000e\000\040\000a\000n\000d\000\040\000s\000c\000a\000l\000e\000\040\000f\000e\000a\000t\000u\000r\000e\000s}{section.15}% 51
\BOOKMARK [1][-]{section.16}{\376\377\000C\000o\000m\000m\000o\000n\000\040\000m\000i\000s\000t\000a\000k\000e\000s\000\040\000t\000o\000\040\000a\000v\000o\000i\000d}{}% 52
\BOOKMARK [1][-]{section.17}{\376\377\000D\000e\000f\000i\000n\000i\000t\000i\000o\000n\000\040\000o\000f\000\040\000d\000o\000n\000e}{}% 53
\BOOKMARK [1][-]{appendix.A}{\376\377\000Q\000u\000i\000c\000k\000\040\000r\000e\000f\000e\000r\000e\000n\000c\000e}{}% 54
